{"u_token":"3UDqZmDmT1rTCUGLJiDszUOKr5XpDSa5","part_number":"RASPBERRY PI 3 MODEL B+","manufacturer":"Raspberry Pi","mode":"place-part","plugin":".snap","source":"https://www.snapeda.com"}